JOIN ATTEMPT: room_code=09AFDD
JOIN SUCCESS
JOIN ATTEMPT: room_code=F6EE4A
JOIN SUCCESS
JOIN ATTEMPT: room_code=83E50E
JOIN SUCCESS
JOIN ATTEMPT: room_code=24A55F
JOIN SUCCESS
JOIN ATTEMPT: room_code=262103
JOIN SUCCESS
JOIN ATTEMPT: room_code=C0527F
JOIN SUCCESS
JOIN ATTEMPT: room_code=171D88
JOIN SUCCESS
JOIN ATTEMPT: room_code=9A5CA7
JOIN SUCCESS
JOIN ATTEMPT: room_code=9A5CA7
JOIN SUCCESS
JOIN ATTEMPT: room_code=E91F10
JOIN SUCCESS
JOIN ATTEMPT: room_code=4C0F72
JOIN SUCCESS
JOIN ATTEMPT: room_code=A17426
JOIN SUCCESS
JOIN ATTEMPT: room_code=A17426
JOIN SUCCESS
JOIN ATTEMPT: room_code=7D208D
JOIN SUCCESS
JOIN ATTEMPT: room_code=F3ACB3
JOIN SUCCESS
JOIN ATTEMPT: room_code=76ACD1
JOIN SUCCESS
JOIN ATTEMPT: room_code=E8A130
JOIN SUCCESS
JOIN ATTEMPT: room_code=AAEF10
JOIN SUCCESS
JOIN ATTEMPT: room_code=50B506
JOIN SUCCESS
JOIN ATTEMPT: room_code=70C166
JOIN SUCCESS
JOIN ATTEMPT: room_code=7B6D14
JOIN SUCCESS
JOIN ATTEMPT: room_code=B62BD3
JOIN SUCCESS
JOIN ATTEMPT: room_code=F6107A
JOIN SUCCESS
JOIN ATTEMPT: room_code=2F0776
JOIN SUCCESS
